// Vitest Snapshot v1, https://vitest.dev/guide/snapshot.html

exports[`Profile Edit Page App - Complete Coverage > Integration with Testing Environment > should support snapshot testing 1`] = `
<div
  data-testid="profile-edit-page"
>
  Mocked ProfileEditPage
</div>
`;
