// Vitest Snapshot v1, https://vitest.dev/guide/snapshot.html

exports[`Signup Page App - Complete Coverage > Integration with Testing Environment > should support snapshot testing 1`] = `
<div
  data-testid="signup-page"
>
  Mocked SignupPage
</div>
`;
